// Jest Snapshot v1, https://goo.gl/fbAQLP

exports[`CampFilterButtons should mock the snapshot 1`] = `undefined`;
