// Jest Snapshot v1, https://goo.gl/fbAQLP

exports[`PopUpCard should mock snapshot 1`] = `undefined`;
