// Jest Snapshot v1, https://goo.gl/fbAQLP

exports[`CampingFilter should mock the snapshot 1`] = `undefined`;
