// Jest Snapshot v1, https://goo.gl/fbAQLP

exports[`HikeFilterButtons should mock snapshot 1`] = `undefined`;
