// Jest Snapshot v1, https://goo.gl/fbAQLP

exports[`HikeCard should mock snapshot 1`] = `undefined`;
