// Jest Snapshot v1, https://goo.gl/fbAQLP

exports[`HikingFilter should mock the snapshot 1`] = `undefined`;
