// Jest Snapshot v1, https://goo.gl/fbAQLP

exports[`Start should mock snapshot 1`] = `undefined`;
